// Jest Snapshot v1, https://goo.gl/fbAQLP

exports[`Event.vue should render correctly 1`] = `
<div
  class="event text-truncate text-capitalize ma-1 px-1 grey"
>
  <i
    aria-hidden="true"
    class="v-icon notranslate mdi mdi mdi mdi-star theme--light"
    style="font-size: 12px;"
  />
  
  

</div>
`;
