// Jest Snapshot v1, https://goo.gl/fbAQLP

exports[`Day.vue should render correclty 1`] = `
<div
  class="v-sheet theme--light"
>
  <div
    class="event-container mx-1"
    start="2019-10-04"
  >
    <button
      class="event text-truncate px-1 v-btn v-btn--depressed v-btn--tile theme--light v-size--default blue"
      style="height: 15px;"
      type="button"
    >
      <span
        class="v-btn__content"
      >
        <!---->
        
    quod enim et
  
      </span>
    </button>
  </div>
  <div
    class="event-container mx-1"
    start="2019-10-04"
  >
    <button
      class="event text-truncate px-1 v-btn v-btn--depressed v-btn--tile theme--light v-size--default blue"
      style="height: 15px;"
      type="button"
    >
      <span
        class="v-btn__content"
      >
        <!---->
        
    voluptatem aperiam recusandae
  
      </span>
    </button>
  </div>
</div>
`;
